BuildNetworkedFiles instrumented baseline
=========================================
Engine commit: 95b7813cfa0366d5ad4a5fd18d928390b0a444eb
Project: VallArk (E:\Projects\survive\survive.sbproj)
Scene: survival/scenes/gym.scene
Configuration: Developer
Date: 2026-07-23

Cold first-play runs (editor restarted before every row)
run,totalMs,enumerated,smallReads,smallBytes,crcFiles,crcBytes,addSmall,addLarge,tableSets,smallEntries,largeEntries
1,33725.500,10394,283,795533,6734,9124294886,283,6734,7017,283,6734
2,28970.000,10394,283,795533,6734,9124294886,283,6734,7017,283,6734
3,30629.007,10394,283,795533,6734,9124294886,283,6734,7017,283,6734
4,27298.972,10394,283,795533,6734,9124294886,283,6734,7017,283,6734
5,25607.146,10394,283,795533,6734,9124294886,283,6734,7017,283,6734

Cold statistics (linear-interpolated p95)
n=5 minMs=25607.146 medianMs=28970.000 p95Ms=33106.201 maxMs=33725.500

Warm unchanged play/stop runs (same editor instance)
run,totalMs,enumerated,smallReads,crcFiles,crcBytes,addSmall,addLarge,tableSets
1,31510.415,10394,283,6734,9124294886,283,6734,7017
2,32276.537,10394,283,6734,9124294886,283,6734,7017
3,31735.516,10394,283,6734,9124294886,283,6734,7017
4,30994.653,10394,283,6734,9124294886,283,6734,7017
5,32321.828,10394,283,6734,9124294886,283,6734,7017
6,29660.691,10394,283,6734,9124294886,283,6734,7017
7,29380.760,10394,283,6734,9124294886,283,6734,7017
8,96271.219,10394,283,6734,9124294886,283,6734,7017
9,34540.224,10394,283,6734,9124294886,283,6734,7017
10,27822.567,10394,283,6734,9124294886,283,6734,7017

Warm statistics (linear-interpolated p95; outlier retained)
n=10 minMs=27822.567 medianMs=31622.966 p95Ms=68492.271 maxMs=96271.219

Representative complete baseline row
18:04:38 [Generic] Warn: NetworkFileProfile instance=4dfbf8a5-6a5c-424d-81c1-d04a5ab70e2d build=1 mode=full configuredPatterns=0 uniquePatterns=0 includePaths=0 watchersBefore=2 watchersAfter=4 smallEntriesBefore=0 largeEntriesBefore=0 smallEntriesAfter=283 largeEntriesAfter=6734 transientFileSystems=1 enumerated=10394 rejectedLegal=6 rejectedRules=3371 selectedSmall=283 selectedLarge=6734 smallReads=283 smallBytes=795533 smallReadMs=50.356 largeInspected=6734 existenceChecks=13468 sizeQueries=13468 crcFiles=6734 crcBytes=9124294886 crcMs=29595.381 addLarge=6734 addSmall=283 tableSets=7017 tableRemoves=0 gameScanMs=5.38 transientScanMs=0.299 filteringMs=49.283 metadataMs=222.952 tableMs=42.403 totalMs=30629.007

Lifetime/accumulation series
instance=ec38bc87-0e85-446d-80c5-eb18525a86d1 builds=1..11 constructorCount=1 finalizerCount=0
build=1 watchersBefore=2 watchersAfter=4 includePaths=0 smallEntriesAfter=283 largeEntriesAfter=6734
build=2 watchersBefore=6 watchersAfter=8 includePaths=0 smallEntriesAfter=283 largeEntriesAfter=6734
build=3 watchersBefore=10 watchersAfter=12 includePaths=0 smallEntriesAfter=283 largeEntriesAfter=6734
build=4 watchersBefore=14 watchersAfter=16 includePaths=0 smallEntriesAfter=283 largeEntriesAfter=6734
build=5 watchersBefore=18 watchersAfter=20 includePaths=0 smallEntriesAfter=283 largeEntriesAfter=6734
build=6 watchersBefore=22 watchersAfter=24 includePaths=0 smallEntriesAfter=283 largeEntriesAfter=6734
build=7 watchersBefore=26 watchersAfter=28 includePaths=0 smallEntriesAfter=283 largeEntriesAfter=6734
build=8 watchersBefore=30 watchersAfter=32 includePaths=0 smallEntriesAfter=283 largeEntriesAfter=6734
build=9 watchersBefore=34 watchersAfter=36 includePaths=0 smallEntriesAfter=283 largeEntriesAfter=6734
build=10 watchersBefore=38 watchersAfter=40 includePaths=0 smallEntriesAfter=283 largeEntriesAfter=6734
build=11 watchersBefore=42 watchersAfter=44 includePaths=0 smallEntriesAfter=283 largeEntriesAfter=6734

Baseline manifest oracle
hash=338C3982297079C8396CCC6EA8D198FD63D10D4A6EAF43B98401A1D19744B451 smallEntries=283 largeEntries=6734

ETW capture
C:\Program Files (x86)\Steam\steamapps\common\sbox\profiler_captures\sbox_2026-07-23_16_15_33.etl
C:\Program Files (x86)\Steam\steamapps\common\sbox\profiler_captures\sbox_2026-07-23_16_15_33.json.gz
ETL validation: 3,109,967 events; 0 lost; 560,707 SampleProf; 690,392 StackWalk.
BuildNetworkedFiles wall span=13.1361551s main-thread CPU=10.69008s
Crc64.FromBytes exclusive samples=28,648 (49.35%, approximately 5.412s CPU)
LargeNetworkFiles.AddFile inclusive CPU=9.98996s
BaseFileSystem.GetCrc inclusive CPU=9.1573s
